// Jest Snapshot v1, https://goo.gl/fbAQLP

exports[`Pruebas en GifGridItem Debe hacer match con el snapshot 1`] = `
<div>
  <div
    class="card"
  >
    <img
      alt="The Simpsons"
      src="http://thesimps.com/bart.gif"
    />
    <p>
      The Simpsons
    </p>
  </div>
</div>
`;
